// Jest Snapshot v1, https://goo.gl/fbAQLP

exports[`src/components/TodoItem.js should render correctly 1`] = `
Array [
  <ul>
    <li>
      <label>
        <input
          checked={false}
          onChange={[Function]}
          type="checkbox"
        />
        <a
          href="/details/8348db18-83ba-11ec-a8a3-0242ac120002"
          onClick={[Function]}
          style={
            Object {
              "color": "black",
              "textDecoration": "none",
            }
          }
        >
          <div
            className="todo-item"
          >
            Do groceries
          </div>
        </a>
        <button
          className="delete-button"
          onClick={[Function]}
          type="button"
        />
      </label>
    </li>
    <li>
      <label>
        <input
          checked={false}
          onChange={[Function]}
          type="checkbox"
        />
        <a
          href="/details/9c377382-83ba-11ec-a8a3-0242ac120002"
          onClick={[Function]}
          style={
            Object {
              "color": "black",
              "textDecoration": "none",
            }
          }
        >
          <div
            className="todo-item"
          >
            Wash car
          </div>
        </a>
        <button
          className="delete-button"
          onClick={[Function]}
          type="button"
        />
      </label>
    </li>
    <li>
      <label>
        <input
          checked={false}
          onChange={[Function]}
          type="checkbox"
        />
        <a
          href="/details/a081b5ec-83ba-11ec-a8a3-0242ac120002"
          onClick={[Function]}
          style={
            Object {
              "color": "black",
              "textDecoration": "none",
            }
          }
        >
          <div
            className="todo-item"
          >
            Clean house
          </div>
        </a>
        <button
          className="delete-button"
          onClick={[Function]}
          type="button"
        />
      </label>
    </li>
  </ul>,
  ")",
]
`;
